['peak_map_cfe02970c65b7d5c2280a37566cf19ce3650832f8fbb268d40a599aba5ee775b.pickle', 'with_comp.table']
41
41
id       peakmap
int      object
------   ------
1        <PeakMapProxy 0x????????? to 'peak_map_cfe02970c65b7d5c2280a37566cf19ce3650832f8fbb268d40a599aba5ee775b.pickle'>
2        <PeakMapProxy 0x????????? to 'peak_map_cfe02970c65b7d5c2280a37566cf19ce3650832f8fbb268d40a599aba5ee775b.pickle'>
3        <PeakMapProxy 0x????????? to 'peak_map_cfe02970c65b7d5c2280a37566cf19ce3650832f8fbb268d40a599aba5ee775b.pickle'>

41
id       peakmap
int      object
------   ------
1        <PeakMapProxy 0x????????? to 'peak_map_cfe02970c65b7d5c2280a37566cf19ce3650832f8fbb268d40a599aba5ee775b.pickle'>
2        <PeakMapProxy 0x????????? to 'peak_map_cfe02970c65b7d5c2280a37566cf19ce3650832f8fbb268d40a599aba5ee775b.pickle'>
3        <PeakMapProxy 0x????????? to 'peak_map_cfe02970c65b7d5c2280a37566cf19ce3650832f8fbb268d40a599aba5ee775b.pickle'>

