a          b        c
unicode    str      object
------     ------   ------
x          x        'x'
-          asbcder  'asbcder'
           -        1
           -        (1,)
ccccäää##c          ''

[u'x' None u'' u'' u'cccc\xe4\xe4\xe4##c']
['x' 'asbcder' None None '']
['x', 'asbcder', 1, (1,), '']
