int      float    bool     str
int      float    bool     str
------   ------   ------   ------
-        1.00     True     2
2        2.00     False    2
3        4.00     -        2
3        3.00     True     2
-        -        False    2

int      float    bool     str
int      float    bool     str
------   ------   ------   ------
-        1.00     True     -
2        2.00     False    -
3        4.00     -        -
3        3.00     True     -
-        -        False    -

int      float    bool     str
int      float    bool     str
------   ------   ------   ------
-        1.00     True     1
2        2.00     False    1
3        4.00     -        1
3        3.00     True     1
-        -        False    1

int      float    bool     str
int      float    bool     str
------   ------   ------   ------
-        1.00     True     3
2        2.00     False    3
3        4.00     -        3
3        3.00     True     3
-        -        False    3

int      float    bool     str
int      float    bool     str
------   ------   ------   ------
-        1.00     True     -
2        2.00     False    -
3        4.00     -        -
3        3.00     True     -
-        -        False    -

int      float    bool     str
int      float    bool     str
------   ------   ------   ------
-        1.00     True     3
2        2.00     False    3
3        4.00     -        3
3        3.00     True     3
-        -        False    3

