int      float    bool     str
int      float    bool     str
------   ------   ------   ------
2        1.00     True     1
2        2.00     False    2222222222222222222222222222222222222222222222222222222222222222222222222222222222222222222222222222
2        4.00     -        -
2        3.00     True     a
2        -        False    b

int      float    bool     str
int      float    bool     str
------   ------   ------   ------
-        1.00     True     1
-        2.00     False    2222222222222222222222222222222222222222222222222222222222222222222222222222222222222222222222222222
-        4.00     -        -
-        3.00     True     a
-        -        False    b

int      float    bool     str
int      float    bool     str
------   ------   ------   ------
1        1.00     True     1
1        2.00     False    2222222222222222222222222222222222222222222222222222222222222222222222222222222222222222222222222222
1        4.00     -        -
1        3.00     True     a
1        -        False    b

int      float    bool     str
int      float    bool     str
------   ------   ------   ------
3        1.00     True     1
3        2.00     False    2222222222222222222222222222222222222222222222222222222222222222222222222222222222222222222222222222
3        4.00     -        -
3        3.00     True     a
3        -        False    b

int      float    bool     str
int      float    bool     str
------   ------   ------   ------
-        1.00     True     1
-        2.00     False    2222222222222222222222222222222222222222222222222222222222222222222222222222222222222222222222222222
-        4.00     -        -
-        3.00     True     a
-        -        False    b

int      float    bool     str
int      float    bool     str
------   ------   ------   ------
3        1.00     True     1
3        2.00     False    2222222222222222222222222222222222222222222222222222222222222222222222222222222222222222222222222222
3        4.00     -        -
3        3.00     True     a
3        -        False    b

int      float    bool     str
int      float    bool     str
------   ------   ------   ------
2        1.00     True     1
-        2.00     False    2222222222222222222222222222222222222222222222222222222222222222222222222222222222222222222222222222
3        4.00     -        -
-        3.00     True     a
2        -        False    b

int      float    bool     str
int      float    bool     str
------   ------   ------   ------
-        1.00     True     1
2        2.00     False    2222222222222222222222222222222222222222222222222222222222222222222222222222222222222222222222222222
-        4.00     -        -
3        3.00     True     a
-        -        False    b

