1ecf1f63cbe1eb7d13b4031be4004906006b144e0f9f4216cea92744b5691c0d
d00cd5ccc452f04ae1895ca3954e9a9cc56a5d407bf3537804be8c9d4111943a
d00cd5ccc452f04ae1895ca3954e9a9cc56a5d407bf3537804be8c9d4111943a
