a        b        c        d        e
int      float    str      float    None
------   ------   ------   ------   ------
1        1.00     a        1.000000 -
2        2.00     b        2.000000 -
3        -        c        3.000000 -
