a        b        c        d        e
int      str      unicode  float    bool
------   ------   ------   ------   ------
0        0_       0_       0.10     False
2        2_       2_       2.10     True
3        3_       3_       3.10     True
-        -        -        -        -

a        b        c        d        e
int      str      unicode  float    bool
------   ------   ------   ------   ------
0        0_       0_       +0.1     False
2        2_       2_       +2.1     True
3        3_       3_       +3.1     True
-        -        -        -        -

