peak_map_cfe02970c65b7d5c2280a37566cf19ce3650832f8fbb268d40a599aba5ee775b.pickle
subfolder
