x        y        z
int      int      int
------   ------   ------
1        1        2
1        2        1
2        3        4
2        4        3

x then y
x        y        z
int      int      int
------   ------   ------
1        1        2
1        2        1
2        3        4
2        4        3

x then z
x        y        z
int      int      int
------   ------   ------
1        2        1
1        1        2
2        4        3
2        3        4

y then z
x        y        z
int      int      int
------   ------   ------
1        1        2
1        2        1
2        3        4
2        4        3

y then x
x        y        z
int      int      int
------   ------   ------
1        1        2
1        2        1
2        3        4
2        4        3

z then x
x        y        z
int      int      int
------   ------   ------
1        2        1
1        1        2
2        4        3
2        3        4

z then y
x        y        z
int      int      int
------   ------   ------
1        2        1
1        1        2
2        4        3
2        3        4

x then y (desc)
x        y        z
int      int      int
------   ------   ------
1        2        1
1        1        2
2        4        3
2        3        4

x then z (desc)
x        y        z
int      int      int
------   ------   ------
1        1        2
1        2        1
2        3        4
2        4        3

y then z (desc)
x        y        z
int      int      int
------   ------   ------
1        1        2
1        2        1
2        3        4
2        4        3

y then x (desc)
x        y        z
int      int      int
------   ------   ------
1        1        2
1        2        1
2        3        4
2        4        3

z then x (desc)
x        y        z
int      int      int
------   ------   ------
1        2        1
1        1        2
2        4        3
2        3        4

z then y (desc)
x        y        z
int      int      int
------   ------   ------
1        2        1
1        1        2
2        4        3
2        3        4

