a        checked  checked2 pm                                   ts                                   blob
int      CheckState CheckState PeakMap                              TimeSeries                           Blob
------   ------   ------   ------                               ------                               ------
0        True     True     <PeakMap 0x????????? with 0 spectra> <TimeSeries 0x????????? of length 0> <Blob 0x????????? of unknown type>
2        False    False    <PeakMap 0x????????? with 0 spectra> <TimeSeries 0x????????? of length 0> <Blob 0x????????? of unknown type>
3        False    False    <PeakMap 0x????????? with 0 spectra> <TimeSeries 0x????????? of length 0> <Blob 0x????????? of unknown type>
-        -        -        <PeakMap 0x????????? with 0 spectra> <TimeSeries 0x????????? of length 0> <Blob 0x????????? of unknown type>

a        checked  checked2                                                           pm                                   ts                                   blob
int      bool     CheckState                                                         unicode                              unicode                              unicode
------   ------   ------                                                             ------                               ------                               ------
0        True     <emzed.core.data_types.col_types.CheckState object at 0x?????????> <PeakMap 0x????????? with 0 spectra> <TimeSeries 0x????????? of length 0> <Blob 0x????????? of unknown type>
2        False    <emzed.core.data_types.col_types.CheckState object at 0x?????????> <PeakMap 0x????????? with 0 spectra> <TimeSeries 0x????????? of length 0> <Blob 0x????????? of unknown type>
3        False    <emzed.core.data_types.col_types.CheckState object at 0x?????????> <PeakMap 0x????????? with 0 spectra> <TimeSeries 0x????????? of length 0> <Blob 0x????????? of unknown type>
-        -        <emzed.core.data_types.col_types.CheckState object at 0x?????????> <PeakMap 0x????????? with 0 spectra> <TimeSeries 0x????????? of length 0> <Blob 0x????????? of unknown type>

