a        b        c
int      str      float
------   ------   ------
42       0        0.00
0        0        0.00
0        0        0.00

a        b        c
int      str      float
------   ------   ------
42       0        0.00
0        0        0.00
0        0        0.00

a        b        c
int      str      float
------   ------   ------
42       0        0.00
0        0        0.00
0        0        0.00

a        b        c
int      str      float
------   ------   ------
42       0        43.00
0        0        0.00
0        0        0.00

a        b        c
int      str      float
------   ------   ------
42       0        0.00
0        0        0.00
43       0        0.00

a        b        c
int      str      float
------   ------   ------
42       0        43.00
0        0        0.00
11       0        12.00

a        b        c
int      str      float
------   ------   ------
1234     0        0.00
0        0        0.00
1234     0        0.00

