4562c776af6f31b25588bca70daef204ea055556fbed891ebf76b88a46be6dc6
702dd4497aac4344faab42ee255f68e440349bbdbb5d7357dd42a11e7643fc24
6ff0278682613afcb1bee459c4913c8991a3e7dd0ef67a5ea141aff76405b16e
