[1 2 3 4] [ 11.  12.  14.  13.]
[4] [ 100.]
<empty TimeSeries>
id       ts
int      TimeSeries
------   ------
1        <TimeSeries, time=1..4, values=nan..nan>
1        <TimeSeries, time=1..4, values=nan..nan>
2        <TimeSeries, time=1..4, values=nan..nan>

9d455c30aaf8a4b92ed5cb21301998a219ce9aac272fe5c4cc85ffd82d4c40a4
dd3bb525c421321b90b00de562538a825cc95e6810c73ee094eaf0fb1a36a6dd
