a        b
int      int
------   ------
0        0
0        0
-        -

