[None, 1.0, True, True, '1', <emzed.core.data_types.hdf5.object_store.ObjectProxy object at 0x?????????>, <emzed.core.data_types.hdf5.peakmap_store.Hdf5PeakMapProxy object at 0x?????????>, 1, None, <emzed.core.data_types.col_types.TimeSeries object at 0x?????????>]
[2, 2.0, False, False, '2222222222222222222222222222222222222222222222222222222222222222222222222222222222222222222222222222', <emzed.core.data_types.hdf5.object_store.ObjectProxy object at 0x?????????>, <emzed.core.data_types.hdf5.peakmap_store.Hdf5PeakMapProxy object at 0x?????????>, None, 1, <emzed.core.data_types.col_types.TimeSeries object at 0x?????????>]
[3, 4.0, None, None, None, None, <emzed.core.data_types.hdf5.peakmap_store.Hdf5PeakMapProxy object at 0x?????????>, 2, None, <emzed.core.data_types.col_types.TimeSeries object at 0x?????????>]
[3, 3.0, True, True, 'a', <emzed.core.data_types.hdf5.object_store.ObjectProxy object at 0x?????????>, <emzed.core.data_types.hdf5.peakmap_store.Hdf5PeakMapProxy object at 0x?????????>, None, 2, <emzed.core.data_types.col_types.TimeSeries object at 0x?????????>]
[None, None, False, False, 'b', <emzed.core.data_types.hdf5.object_store.ObjectProxy object at 0x?????????>, <emzed.core.data_types.hdf5.peakmap_store.Hdf5PeakMapProxy object at 0x?????????>, 3, None, None]
