int      float    bool     str                                                                                                  object   peakmap                                                                time_series
int      float    bool     str                                                                                                  object   object                                                                 emzed.core.data_types.col_types.TimeSeries
------   ------   ------   ------                                                                                               ------   ------                                                                 ------
1        1.00     True     1                                                                                                    set([1]) <emzed.core.data_types.hdf5.stores.PeakMapProxy object at 0x?????????> <emzed.core.data_types.col_types.TimeSeries object at 0x?????????>
2        2.00     False    2222222222222222222222222222222222222222222222222222222222222222222222222222222222222222222222222222 {'a': 2} <emzed.core.data_types.hdf5.stores.PeakMapProxy object at 0x?????????> <emzed.core.data_types.col_types.TimeSeries object at 0x?????????>
3        4.00     -        -                                                                                                    -        <emzed.core.data_types.hdf5.stores.PeakMapProxy object at 0x?????????> <emzed.core.data_types.col_types.TimeSeries object at 0x?????????>
3        3.00     True     a                                                                                                    (1,)     <emzed.core.data_types.hdf5.stores.PeakMapProxy object at 0x?????????> <emzed.core.data_types.col_types.TimeSeries object at 0x?????????>
-        -        False    b                                                                                                    [1, 2]   <emzed.core.data_types.hdf5.stores.PeakMapProxy object at 0x?????????> -

