ascending, ascending
[4, 0, 1, 3, 2]
a        d
int      str
------   ------
-        -
1        4
1        4
2        1
2        2

descending, ascending
[3, 2, 0, 1, 4]
a        d
int      str
------   ------
2        1
2        2
1        4
1        4
-        -

ascending, descending
[4, 0, 1, 2, 3]
a        d
int      str
------   ------
-        -
1        4
1        4
2        2
2        1

descending, descending
[2, 3, 0, 1, 4]
a        d
int      str
------   ------
2        2
2        1
1        4
1        4
-        -

ascending
[4, 0, 1, 2, 3]
a        d
int      str
------   ------
-        -
1        4
1        4
2        2
2        1

descending
[3, 2, 1, 0, 4]
a        d
int      str
------   ------
2        1
2        2
1        4
1        4
-        -

