[1]
[1, 2]
[1, 2, 3]
[1, 2, 3, 3]
[1, 2, 3, 3, None]
[2, 3, 3, None]
[3, 3, None]
[3, None]
[None]
