(None, 2, 3, 3, None, None, 12, 13, 13, None, None, 22, 23, 23, None)
(None, 32, 33, 33, None, None, 42, 43, 43, None, None, 52, 53, 53, None)
