a        b        c
int      str      float
------   ------   ------
0        0        0.00
0        0        0.00
0        0        0.00

a        b        c
int      str      float
------   ------   ------
2        0        0.00
0        0        0.00
2        0        0.00

a        b        c
int      str      float
------   ------   ------
-        0        0.00
0        0        0.00
-        0        0.00

a        b        c
int      str      float
------   ------   ------
-        2        0.00
0        0        0.00
-        2        0.00

a        b        c
int      str      float
------   ------   ------
-        -        0.00
0        0        0.00
-        -        0.00

a        b        c
int      str      float
------   ------   ------
-        -        2.00
0        0        0.00
-        -        2.00

a        b        c
int      str      float
------   ------   ------
-        -        -
0        0        0.00
-        -        -

