int      float    bool     check    str                                                                                                  object   peakmap                                                                       i1       i2       time_series
int      float    bool     emzed.core.data_types.col_types.CheckState str                                                                                                  object   object                                                                        int      int      emzed.core.data_types.col_types.TimeSeries
------   ------   ------   ------   ------                                                                                               ------   ------                                                                        ------   ------   ------
-        1.00     True     True     1                                                                                                    set([1]) <emzed.core.data_types.hdf5.peakmap_store.PeakMapProxy object at 0x?????????> 1        -        <emzed.core.data_types.col_types.TimeSeries object at 0x?????????>
2        2.00     False    False    2222222222222222222222222222222222222222222222222222222222222222222222222222222222222222222222222222 {'a': 2} <emzed.core.data_types.hdf5.peakmap_store.PeakMapProxy object at 0x?????????> -        1        <emzed.core.data_types.col_types.TimeSeries object at 0x?????????>
3        4.00     -        -        -                                                                                                    -        <emzed.core.data_types.hdf5.peakmap_store.PeakMapProxy object at 0x?????????> 2        -        <emzed.core.data_types.col_types.TimeSeries object at 0x?????????>
3        3.00     True     True     a                                                                                                    (1,)     <emzed.core.data_types.hdf5.peakmap_store.PeakMapProxy object at 0x?????????> -        2        <emzed.core.data_types.col_types.TimeSeries object at 0x?????????>
-        -        False    False    b                                                                                                    [1, 2]   <emzed.core.data_types.hdf5.peakmap_store.PeakMapProxy object at 0x?????????> 3        -        -

