dicts    dicts_1  strs     strs_1
object   object   str      str
------   ------   ------   ------
{0: 1}   {0: 2}   0        000_x
{1: 2}   {1: 3}   1        111_x
{2: 3}   {2: 4}   2        222_x
{3: 4}   {3: 5}   3        333_x
{4: 5}   {4: 6}   4        444_x

dicts    dicts_1  strs     strs_1
object   object   str      str
------   ------   ------   ------
{0: 1}   {0: 2}   0        000_x
{1: 2}   {1: 3}   1        111_x
{2: 3}   {2: 4}   2        222_x
{3: 4}   {3: 5}   3        333_x
{4: 5}   {4: 6}   4        444_x

