1 id       a        b
int      int      int
------   ------   ------
1        1        3
1        2        4
2        3        5

2 id       a        collapsed
int      int      emzed.core.data_types.table.Table
------   ------   ------
1        1        <Table at 0x????????? '' with 1 row>
1        2        <Table at 0x????????? '' with 1 row>
2        3        <Table at 0x????????? '' with 1 row>

3 id       collapsed
int      emzed.core.data_types.table.Table
------   ------
1        <TProxy to 0x????????? with 2 rows>
2        <TProxy to 0x????????? with 1 row>

4 id       collapsed
int      emzed.core.data_types.table.Table
------   ------
1        <TProxy to 0x????????? with 2 rows>
2        <TProxy to 0x????????? with 1 row>

5 [[1, <TProxy to 0x????????? with 2 rows>], [2, <TProxy to 0x????????? with 1 row>]]
6 (1, 2, 3)
7 (3, 4, 5)
8 (1, 2, 3)
9 (3, 4, 5)
10 id       a        b
int      int      int
------   ------   ------
1        1        3
1        2        4

