id       collapsed
int      emzed.core.data_types.table.Table
------   ------
1        <Table at 0x????????? '' with 2 rows>
2        <Table at 0x????????? '' with 1 row>

id       a        b
int      int      int
------   ------   ------
1        1        3
1        2        4

id       a        b
int      int      int
------   ------   ------
1        1        3
1        2        4

id       collapsed
int      emzed.core.data_types.table.Table
------   ------
1        <Table at 0x????????? '' with 2 rows>
2        <Table at 0x????????? '' with 1 row>

id       a        b
int      int      int
------   ------   ------
1        1        3
1        2        4

id       a        b
int      int      int
------   ------   ------
1        1        3
1        2        4

