['81983c4974e5dd61838b1944aa42374c375db99d7cfeb2d4e01c39e817cc99f9', 'ce5db8493df5d9b73262d3059c6d9d6741df7fa1693236f1ff8f4f38a95202a7']
